﻿
> build
> vite build

[36mvite v8.1.4 [32mbuilding client environment for production...[36m[39m
[2K
transforming...Γ£ô 1 modules transformed.
node.exe : [31mΓ£ù[39m Build failed in 12ms
At C:\Program Files\nodejs\npm.ps1:29 char:3
+   & $NODE_EXE $NPM_CLI_JS $args
+   ~~~~~~~~~~~~~~~~~~~~~~~~~~~~~
    + CategoryInfo          : NotSpecified: ([31mΓ£ù[3 
   9m Build failed in 12ms:String) [], RemoteException
    + FullyQualifiedErrorId : NativeCommandError
 
[31merror during build:
[31mBuild failed with 1 error:

[31m[UNRESOLVED_ENTRY] [0mCannot resolve entry module 
index.html.
[31m
    at aggregateBindingErrorsIntoJsError (file:///C:/User
s/rasee/Documents/TransitOps_Tsec_CodeHers/frontend/node_
modules/rolldown/dist/shared/error-BHRSI0R7.mjs:48:18)
    at unwrapBindingResult (file:///C:/Users/rasee/Docume
nts/TransitOps_Tsec_CodeHers/frontend/node_modules/rolldo
wn/dist/shared/error-BHRSI0R7.mjs:18:128)
    at #build (file:///C:/Users/rasee/Documents/TransitOp
s_Tsec_CodeHers/frontend/node_modules/rolldown/dist/share
d/rolldown-build-CtPvmZgJ.mjs:3276:34)
    at async buildEnvironment (file:///C:/Users/rasee/Doc
uments/TransitOps_Tsec_CodeHers/frontend/node_modules/vit
e/dist/node/chunks/node.js:33011:66)
    at async Object.build (file:///C:/Users/rasee/Documen
ts/TransitOps_Tsec_CodeHers/frontend/node_modules/vite/di
st/node/chunks/node.js:33433:19)
    at async Object.buildApp (file:///C:/Users/rasee/Docu
ments/TransitOps_Tsec_CodeHers/frontend/node_modules/vite
/dist/node/chunks/node.js:33430:153)
    at async CAC.<anonymous> (file:///C:/Users/rasee/Docu
ments/TransitOps_Tsec_CodeHers/frontend/node_modules/vite
/dist/node/cli.js:776:3) {
  errors: [Getter/Setter]
}[39m
npm error Lifecycle script `build` failed with error:
npm error code 1
npm error path C:\Users\rasee\Documents\TransitOps_Tsec_C
odeHers\frontend
npm error workspace tanstack_start_ts
npm error location C:\Users\rasee\Documents\TransitOps_Ts
ec_CodeHers\frontend
npm error command failed
npm error command C:\WINDOWS\system32\cmd.exe /d /s /c 
vite build
